// Jest Snapshot v1, https://goo.gl/fbAQLP

exports[`<NavBar /> snapshot 1`] = `
<nav
  className="navbar navbar-inverse"
>
  <div
    className="container"
  >
    <div
      className="navbar-header"
    >
      <a
        className="navbar-brand"
        href="/"
      >
        MasterBook
      </a>
    </div>
  </div>
</nav>
`;
