// Jest Snapshot v1, https://goo.gl/fbAQLP

exports[`<App /> snapshot 1`] = `
<div
  className="App"
>
  <nav
    className="navbar navbar-inverse"
  >
    <div
      className="container"
    >
      <div
        className="navbar-header"
      >
        <a
          className="navbar-brand"
          href="/"
        >
          MasterBook
        </a>
      </div>
    </div>
  </nav>
  <div
    className="container-fluid"
  >
    <div
      className="headerRow row"
    >
      <div
        className="col-xs-12"
      >
        <h1>
          Welcome to the MasterBook
        </h1>
        <h4>
          May the numbers be ever in your favour.
        </h4>
      </div>
    </div>
    <div
      className="getStartedRow row"
    >
      <div
        className="col-md-6 col-md-offset-3 col-xs-12"
      >
        <div
          className="dropdown btn-group btn-group-primary"
        >
          <button
            aria-expanded={false}
            aria-haspopup={true}
            className="dropdown-toggle btn btn-primary"
            disabled={false}
            id="dropdown-basic"
            onClick={[Function]}
            onKeyDown={[Function]}
            role="button"
            type="button"
          >
            Select Market
             
            <span
              className="caret"
            />
          </button>
          <ul
            aria-labelledby="dropdown-basic"
            className="dropdown-menu"
            role="menu"
          >
            <li
              className="active"
              role="presentation"
              style={undefined}
            >
              <a
                href="#"
                onClick={[Function]}
                onKeyDown={[Function]}
                role="menuitem"
                tabIndex="-1"
              >
                BTC-ETH
              </a>
            </li>
            <li
              className=""
              role="presentation"
              style={undefined}
            >
              <a
                href="#"
                onClick={[Function]}
                onKeyDown={[Function]}
                role="menuitem"
                tabIndex="-1"
              >
                BTC-LTC
              </a>
            </li>
            <li
              className=""
              role="presentation"
              style={undefined}
            >
              <a
                href="#"
                onClick={[Function]}
                onKeyDown={[Function]}
                role="menuitem"
                tabIndex="-1"
              >
                BTC-XMR
              </a>
            </li>
            <li
              className=""
              role="presentation"
              style={undefined}
            >
              <a
                href="#"
                onClick={[Function]}
                onKeyDown={[Function]}
                role="menuitem"
                tabIndex="-1"
              >
                BTC-DASH
              </a>
            </li>
            <li
              className=""
              role="presentation"
              style={undefined}
            >
              <a
                href="#"
                onClick={[Function]}
                onKeyDown={[Function]}
                role="menuitem"
                tabIndex="-1"
              >
                BTC-DOGE
              </a>
            </li>
          </ul>
        </div>
      </div>
    </div>
    <div
      className="row"
    >
      <div
        className="market col-xs-12"
      >
        <h3>
          Selected Market: 
          BTC-ETH
        </h3>
      </div>
    </div>
    <div
      className="container"
    >
      <div
        className="orderBooks row"
      >
        <div
          className="col-md-6 col-xs-12"
        >
          <h4
            className="orderBookType"
          >
            <span
              className="bold"
            >
              Live Order Book
            </span>
             - 
            Bid
          </h4>
          <div
            className="orderColumns"
          >
            <p>
              Bid
            </p>
            <p>
              Amount
            </p>
            <p>
              Exchange
            </p>
          </div>
          <div
            className="ringLoader"
          >
            <div
              className="css-jxiqlq"
            >
              <div
                className="css-asv35b"
              />
              <div
                className="css-1ukn1c"
              />
            </div>
          </div>
        </div>
        <div
          className="col-md-6 col-xs-12"
        >
          <h4
            className="orderBookType"
          >
            <span
              className="bold"
            >
              Live Order Book
            </span>
             - 
            Ask
          </h4>
          <div
            className="orderColumns"
          >
            <p>
              Ask
            </p>
            <p>
              Amount
            </p>
            <p>
              Exchange
            </p>
          </div>
          <div
            className="ringLoader"
          >
            <div
              className="css-jxiqlq"
            >
              <div
                className="css-asv35b"
              />
              <div
                className="css-1ukn1c"
              />
            </div>
          </div>
        </div>
      </div>
    </div>
  </div>
</div>
`;
